2025-11-23 15:18:55,008 - INFO - 🚀 QUANTUM TRADER V2.1 INITIALIZED - DRY-RUN
2025-11-23 15:18:55,011 - INFO - 🚀 Advanced Gating System Initialized
2025-11-23 15:18:55,011 - INFO - 🚀 Advanced Gating System Initialized
2025-11-23 15:18:55,011 - INFO - 🚀 Quantum Integration Manager Initialized
2025-11-23 15:18:55,012 - INFO - 🚀 QUANTUM V3 GATING SYSTEM INTEGRATED - DRY RUN MODE
